---
source: cyclonedx-bom/src/specs/v1_5/formulation/workflow/input.rs
expression: xml_input
---
<?xml version="1.0" encoding="utf-8"?>
<input>
  <resource>
    <ref>component-10</ref>
  </resource>
  <source>
    <ref>component-11</ref>
  </source>
  <target>
    <ref>component-12</ref>
  </target>
</input>
