---
source: cyclonedx-bom/src/specs/common/service.rs
assertion_line: 671
expression: xml_output
---
<?xml version="1.0" encoding="utf-8"?>
<services>
  <service bom-ref="bom-ref">
    <provider>
      <name>name</name>
      <url>url</url>
      <contact>
        <name>name</name>
        <email>email</email>
        <phone>phone</phone>
      </contact>
    </provider>
    <group>group</group>
    <name>name</name>
    <version>version</version>
    <description>description</description>
    <endpoints>
      <endpoint>endpoint</endpoint>
    </endpoints>
    <authenticated>true</authenticated>
    <x-trust-boundary>true</x-trust-boundary>
    <data>
      <classification flow="flow">classification</classification>
    </data>
    <licenses>
      <expression>expression</expression>
    </licenses>
    <externalReferences>
      <reference type="external reference type">
        <url>url</url>
        <comment>comment</comment>
        <hashes>
          <hash alg="algorithm">hash value</hash>
        </hashes>
      </reference>
    </externalReferences>
    <properties>
      <property name="name">value</property>
    </properties>
    <services />
    <signature>
      <algorithm>HS512</algorithm>
      <value>1234567890</value>
    </signature>
  </service>
</services>
