---
source: cyclonedx-bom/src/specs/common/bom.rs
assertion_line: 660
expression: xml_output
---
<?xml version="1.0" encoding="utf-8"?>
<bom xmlns="http://cyclonedx.org/schema/bom/1.4" serialNumber="fake-uuid" version="1">
  <metadata>
    <timestamp>timestamp</timestamp>
    <tools>
      <tool>
        <vendor>vendor</vendor>
        <name>name</name>
        <version>version</version>
        <hashes>
          <hash alg="algorithm">hash value</hash>
        </hashes>
        <externalReferences>
          <reference type="external reference type">
            <url>url</url>
            <comment>comment</comment>
            <hashes>
              <hash alg="algorithm">hash value</hash>
            </hashes>
          </reference>
        </externalReferences>
      </tool>
    </tools>
    <authors>
      <author>
        <name>name</name>
        <email>email</email>
        <phone>phone</phone>
      </author>
    </authors>
    <component type="component type" mime-type="mime type" bom-ref="bom ref">
      <supplier>
        <name>name</name>
        <url>url</url>
        <contact>
          <name>name</name>
          <email>email</email>
          <phone>phone</phone>
        </contact>
      </supplier>
      <author>author</author>
      <publisher>publisher</publisher>
      <group>group</group>
      <name>name</name>
      <version>version</version>
      <description>description</description>
      <scope>scope</scope>
      <hashes>
        <hash alg="algorithm">hash value</hash>
      </hashes>
      <licenses>
        <expression>expression</expression>
      </licenses>
      <copyright>copyright</copyright>
      <cpe>cpe</cpe>
      <purl>purl</purl>
      <swid tagId="tag id" name="name" version="version" tagVersion="1" patch="true">
        <text content-type="content type" encoding="encoding">content</text>
        <url>url</url>
      </swid>
      <modified>true</modified>
      <pedigree>
        <ancestors />
        <descendants />
        <variants />
        <commits>
          <commit>
            <uid>uid</uid>
            <url>url</url>
            <author>
              <timestamp>timestamp</timestamp>
              <name>name</name>
              <email>email</email>
            </author>
            <committer>
              <timestamp>timestamp</timestamp>
              <name>name</name>
              <email>email</email>
            </committer>
            <message>message</message>
          </commit>
        </commits>
        <patches>
          <patch type="patch type">
            <diff>
              <text content-type="content type" encoding="encoding">content</text>
              <url>url</url>
            </diff>
            <resolves>
              <issue type="issue type">
                <id>id</id>
                <name>name</name>
                <description>description</description>
                <source>
                  <name>name</name>
                  <url>url</url>
                </source>
                <references>
                  <url>reference</url>
                </references>
              </issue>
            </resolves>
          </patch>
        </patches>
        <notes>notes</notes>
      </pedigree>
      <externalReferences>
        <reference type="external reference type">
          <url>url</url>
          <comment>comment</comment>
          <hashes>
            <hash alg="algorithm">hash value</hash>
          </hashes>
        </reference>
      </externalReferences>
      <properties>
        <property name="name">value</property>
      </properties>
      <components />
      <evidence>
        <licenses>
          <expression>expression</expression>
        </licenses>
        <copyright>
          <text><![CDATA[copyright]]></text>
        </copyright>
      </evidence>
      <signature>
        <algorithm>HS512</algorithm>
        <value>1234567890</value>
      </signature>
    </component>
    <manufacture>
      <name>name</name>
      <url>url</url>
      <contact>
        <name>name</name>
        <email>email</email>
        <phone>phone</phone>
      </contact>
    </manufacture>
    <supplier>
      <name>name</name>
      <url>url</url>
      <contact>
        <name>name</name>
        <email>email</email>
        <phone>phone</phone>
      </contact>
    </supplier>
    <licenses>
      <expression>expression</expression>
    </licenses>
    <properties>
      <property name="name">value</property>
    </properties>
  </metadata>
  <components>
    <component type="component type" mime-type="mime type" bom-ref="bom ref">
      <supplier>
        <name>name</name>
        <url>url</url>
        <contact>
          <name>name</name>
          <email>email</email>
          <phone>phone</phone>
        </contact>
      </supplier>
      <author>author</author>
      <publisher>publisher</publisher>
      <group>group</group>
      <name>name</name>
      <version>version</version>
      <description>description</description>
      <scope>scope</scope>
      <hashes>
        <hash alg="algorithm">hash value</hash>
      </hashes>
      <licenses>
        <expression>expression</expression>
      </licenses>
      <copyright>copyright</copyright>
      <cpe>cpe</cpe>
      <purl>purl</purl>
      <swid tagId="tag id" name="name" version="version" tagVersion="1" patch="true">
        <text content-type="content type" encoding="encoding">content</text>
        <url>url</url>
      </swid>
      <modified>true</modified>
      <pedigree>
        <ancestors />
        <descendants />
        <variants />
        <commits>
          <commit>
            <uid>uid</uid>
            <url>url</url>
            <author>
              <timestamp>timestamp</timestamp>
              <name>name</name>
              <email>email</email>
            </author>
            <committer>
              <timestamp>timestamp</timestamp>
              <name>name</name>
              <email>email</email>
            </committer>
            <message>message</message>
          </commit>
        </commits>
        <patches>
          <patch type="patch type">
            <diff>
              <text content-type="content type" encoding="encoding">content</text>
              <url>url</url>
            </diff>
            <resolves>
              <issue type="issue type">
                <id>id</id>
                <name>name</name>
                <description>description</description>
                <source>
                  <name>name</name>
                  <url>url</url>
                </source>
                <references>
                  <url>reference</url>
                </references>
              </issue>
            </resolves>
          </patch>
        </patches>
        <notes>notes</notes>
      </pedigree>
      <externalReferences>
        <reference type="external reference type">
          <url>url</url>
          <comment>comment</comment>
          <hashes>
            <hash alg="algorithm">hash value</hash>
          </hashes>
        </reference>
      </externalReferences>
      <properties>
        <property name="name">value</property>
      </properties>
      <components />
      <evidence>
        <licenses>
          <expression>expression</expression>
        </licenses>
        <copyright>
          <text><![CDATA[copyright]]></text>
        </copyright>
      </evidence>
      <signature>
        <algorithm>HS512</algorithm>
        <value>1234567890</value>
      </signature>
    </component>
  </components>
  <services>
    <service bom-ref="bom-ref">
      <provider>
        <name>name</name>
        <url>url</url>
        <contact>
          <name>name</name>
          <email>email</email>
          <phone>phone</phone>
        </contact>
      </provider>
      <group>group</group>
      <name>name</name>
      <version>version</version>
      <description>description</description>
      <endpoints>
        <endpoint>endpoint</endpoint>
      </endpoints>
      <authenticated>true</authenticated>
      <x-trust-boundary>true</x-trust-boundary>
      <data>
        <classification flow="flow">classification</classification>
      </data>
      <licenses>
        <expression>expression</expression>
      </licenses>
      <externalReferences>
        <reference type="external reference type">
          <url>url</url>
          <comment>comment</comment>
          <hashes>
            <hash alg="algorithm">hash value</hash>
          </hashes>
        </reference>
      </externalReferences>
      <properties>
        <property name="name">value</property>
      </properties>
      <services />
      <signature>
        <algorithm>HS512</algorithm>
        <value>1234567890</value>
      </signature>
    </service>
  </services>
  <externalReferences>
    <reference type="external reference type">
      <url>url</url>
      <comment>comment</comment>
      <hashes>
        <hash alg="algorithm">hash value</hash>
      </hashes>
    </reference>
  </externalReferences>
  <dependencies>
    <dependency ref="ref">
      <dependency ref="depends on" />
    </dependency>
  </dependencies>
  <compositions>
    <composition>
      <aggregate>aggregate</aggregate>
      <assemblies>
        <assembly ref="assembly-ref" />
      </assemblies>
      <dependencies>
        <dependency ref="dependency-ref" />
      </dependencies>
      <signature>
        <algorithm>HS512</algorithm>
        <value>1234567890</value>
      </signature>
    </composition>
  </compositions>
  <vulnerabilities>
    <vulnerability bom-ref="bom-ref">
      <id>id</id>
      <source>
        <name>name</name>
        <url>url</url>
      </source>
      <references>
        <reference>
          <id>id</id>
          <source>
            <name>name</name>
            <url>url</url>
          </source>
        </reference>
      </references>
      <ratings>
        <rating>
          <source>
            <name>name</name>
            <url>url</url>
          </source>
          <score>9.8</score>
          <severity>info</severity>
          <method>CVSSv3</method>
          <vector>vector</vector>
          <justification>justification</justification>
        </rating>
      </ratings>
      <cwes>
        <cwe>1</cwe>
        <cwe>2</cwe>
        <cwe>3</cwe>
      </cwes>
      <description>description</description>
      <detail>detail</detail>
      <recommendation>recommendation</recommendation>
      <advisories>
        <advisory>
          <title>title</title>
          <url>url</url>
        </advisory>
      </advisories>
      <created>created</created>
      <published>published</published>
      <updated>updated</updated>
      <credits>
        <organizations>
          <organization>
            <name>name</name>
            <url>url</url>
            <contact>
              <name>name</name>
              <email>email</email>
              <phone>phone</phone>
            </contact>
          </organization>
        </organizations>
        <individuals>
          <individual>
            <name>name</name>
            <email>email</email>
            <phone>phone</phone>
          </individual>
        </individuals>
      </credits>
      <tools>
        <tool>
          <vendor>vendor</vendor>
          <name>name</name>
          <version>version</version>
          <hashes>
            <hash alg="algorithm">hash value</hash>
          </hashes>
          <externalReferences>
            <reference type="external reference type">
              <url>url</url>
              <comment>comment</comment>
              <hashes>
                <hash alg="algorithm">hash value</hash>
              </hashes>
            </reference>
          </externalReferences>
        </tool>
      </tools>
      <analysis>
        <state>not_affected</state>
        <justification>code_not_reachable</justification>
        <responses>
          <response>update</response>
        </responses>
        <detail>detail</detail>
      </analysis>
      <affects>
        <target>
          <ref>ref</ref>
          <versions>
            <version>
              <version>5.0.0</version>
              <status>unaffected</status>
            </version>
            <version>
              <range>vers:npm/1.2.3|>=2.0.0|&lt;5.0.0</range>
              <status>affected</status>
            </version>
          </versions>
        </target>
      </affects>
      <properties>
        <property name="name">value</property>
      </properties>
    </vulnerability>
  </vulnerabilities>
</bom>
