---
source: cyclonedx-bom/src/specs/common/license.rs
assertion_line: 762
expression: xml_output
---
<?xml version="1.0" encoding="utf-8"?>
<licenses>
  <license bom-ref="license-id">
    <id>spdx id</id>
    <text content-type="content type" encoding="encoding">content</text>
    <url>url</url>
    <properties>
      <property name="name">value</property>
    </properties>
  </license>
  <license bom-ref="license-1">
    <name>name</name>
    <text content-type="content type" encoding="encoding">content</text>
    <url>url</url>
    <properties>
      <property name="name">value</property>
    </properties>
  </license>
</licenses>
