---
source: cyclonedx-bom/src/specs/common/crypto_properties.rs
expression: xml_output
---
<?xml version="1.0" encoding="utf-8"?>
<cryptoProperties>
  <assetType>algorithm</assetType>
  <algorithmProperties>
    <primitive>ae</primitive>
    <algorithmFamily>AES</algorithmFamily>
    <parameterSetIdentifier>128</parameterSetIdentifier>
    <curve>secp256r1</curve>
    <ellipticCurve>secg/secp256r1</ellipticCurve>
    <executionEnvironment>software-plain-ram</executionEnvironment>
    <implementationPlatform>x86_64</implementationPlatform>
    <certificationLevel>none</certificationLevel>
    <certificationLevel>cc-eal4+</certificationLevel>
    <mode>gcm</mode>
    <padding>pkcs7</padding>
    <cryptoFunctions>
      <cryptoFunction>encrypt</cryptoFunction>
      <cryptoFunction>decrypt</cryptoFunction>
    </cryptoFunctions>
    <classicalSecurityLevel>128</classicalSecurityLevel>
    <nistQuantumSecurityLevel>1</nistQuantumSecurityLevel>
  </algorithmProperties>
  <certificateProperties>
    <serialNumber>01</serialNumber>
    <subjectName>CN = example.com</subjectName>
    <issuerName>CN = Example CA</issuerName>
    <notValidBefore>2024-01-01T00:00:00Z</notValidBefore>
    <notValidAfter>2025-01-01T00:00:00Z</notValidAfter>
    <signatureAlgorithmRef>sig-ref</signatureAlgorithmRef>
    <subjectPublicKeyRef>key-ref</subjectPublicKeyRef>
    <certificateFormat>X.509</certificateFormat>
    <certificateExtension>crt</certificateExtension>
    <certificateFileExtension>pem</certificateFileExtension>
    <fingerprint alg="SHA-256">9f86d081884c7d659a2feaa0c55ad015a3bf4f1b2b0b822cd15d6c15b0f00a08</fingerprint>
    <certificateState>
      <state>active</state>
      <reason>issued</reason>
    </certificateState>
    <certificateState>
      <name>monitored</name>
      <description>under monitoring</description>
    </certificateState>
    <creationDate>2023-12-01T00:00:00Z</creationDate>
    <activationDate>2024-01-01T00:00:00Z</activationDate>
    <deactivationDate>2024-06-01T00:00:00Z</deactivationDate>
    <revocationDate>2024-07-01T00:00:00Z</revocationDate>
    <destructionDate>2024-08-01T00:00:00Z</destructionDate>
    <certificateExtensions>
      <certificateExtension>
        <commonExtensionName>keyUsage</commonExtensionName>
        <commonExtensionValue>digitalSignature</commonExtensionValue>
      </certificateExtension>
      <certificateExtension>
        <customExtensionName>1.3.6.1.4.1.99999</customExtensionName>
      </certificateExtension>
    </certificateExtensions>
    <relatedCryptographicAssets>
      <relatedCryptographicAsset>
        <type>signature</type>
        <ref>sig-ref</ref>
      </relatedCryptographicAsset>
    </relatedCryptographicAssets>
  </certificateProperties>
  <relatedCryptoMaterialProperties>
    <type>public-key</type>
    <id>key-id</id>
    <state>active</state>
    <algorithmRef>rsa-ref</algorithmRef>
    <creationDate>2024-01-01T00:00:00Z</creationDate>
    <activationDate>2024-01-02T00:00:00Z</activationDate>
    <updateDate>2024-01-03T00:00:00Z</updateDate>
    <expirationDate>2025-01-01T00:00:00Z</expirationDate>
    <value>key value</value>
    <size>2048</size>
    <format>PEM</format>
    <securedBy>
      <mechanism>Software</mechanism>
      <algorithmRef>aes-ref</algorithmRef>
    </securedBy>
    <fingerprint alg="SHA-256">9f86d081884c7d659a2feaa0c55ad015a3bf4f1b2b0b822cd15d6c15b0f00a08</fingerprint>
    <relatedCryptographicAssets>
      <relatedCryptographicAsset>
        <type>publicKey</type>
        <ref>key-ref</ref>
      </relatedCryptographicAsset>
    </relatedCryptographicAssets>
  </relatedCryptoMaterialProperties>
  <protocolProperties>
    <type>ike</type>
    <version>2</version>
    <cipherSuites>
      <cipherSuite>
        <name>TLS_AES_128_GCM_SHA256</name>
        <algorithms>
          <algorithm>aes-ref</algorithm>
        </algorithms>
        <identifiers>
          <identifier>0x13</identifier>
          <identifier>0x01</identifier>
        </identifiers>
        <tlsGroups>
          <group>x25519</group>
        </tlsGroups>
        <tlsSignatureSchemes>
          <signatureScheme>ecdsa_secp256r1_sha256</signatureScheme>
        </tlsSignatureSchemes>
      </cipherSuite>
    </cipherSuites>
    <ikev2TransformTypes>
      <encr>
        <name>AES-128-GCM</name>
        <keyLength>128</keyLength>
        <algorithm>encr-ref</algorithm>
      </encr>
      <encr>encr-ref-2</encr>
      <prf>
        <name>PRF_HMAC_SHA2_256</name>
        <algorithm>prf-ref</algorithm>
      </prf>
      <integ>integ-ref</integ>
      <ke>
        <group>19</group>
        <algorithm>ke-ref</algorithm>
      </ke>
      <esn>true</esn>
      <auth>auth-ref</auth>
    </ikev2TransformTypes>
    <cryptoRef>ref-1</cryptoRef>
    <cryptoRef>ref-2</cryptoRef>
    <relatedCryptographicAssets>
      <relatedCryptographicAsset>
        <type>algorithm</type>
        <ref>aes-ref</ref>
      </relatedCryptographicAsset>
    </relatedCryptographicAssets>
  </protocolProperties>
  <oid>2.16.840.1.101.3.4.1.6</oid>
</cryptoProperties>
