---
source: cyclonedx-bom/src/specs/common/tool.rs
expression: xml_output
---
<?xml version="1.0" encoding="utf-8"?>
<tools>
  <tool>
    <vendor>vendor</vendor>
    <name>name</name>
    <version>version</version>
    <hashes>
      <hash alg="algorithm">hash value</hash>
    </hashes>
  </tool>
</tools>
