---
source: cyclonedx-bom/src/specs/common/bom.rs
assertion_line: 612
expression: xml_output
---
<?xml version="1.0" encoding="utf-8"?>
<bom xmlns="http://cyclonedx.org/schema/bom/1.3" serialNumber="fake-uuid" version="1">
  <metadata>
    <timestamp>timestamp</timestamp>
    <tools>
      <tool>
        <vendor>vendor</vendor>
        <name>name</name>
        <version>version</version>
        <hashes>
          <hash alg="algorithm">hash value</hash>
        </hashes>
      </tool>
    </tools>
    <authors>
      <author>
        <name>name</name>
        <email>email</email>
        <phone>phone</phone>
      </author>
    </authors>
    <component type="component type" mime-type="mime type" bom-ref="bom ref">
      <supplier>
        <name>name</name>
        <url>url</url>
        <contact>
          <name>name</name>
          <email>email</email>
          <phone>phone</phone>
        </contact>
      </supplier>
      <author>author</author>
      <publisher>publisher</publisher>
      <group>group</group>
      <name>name</name>
      <version>version</version>
      <description>description</description>
      <scope>scope</scope>
      <hashes>
        <hash alg="algorithm">hash value</hash>
      </hashes>
      <licenses>
        <expression>expression</expression>
      </licenses>
      <copyright>copyright</copyright>
      <cpe>cpe</cpe>
      <purl>purl</purl>
      <swid tagId="tag id" name="name" version="version" tagVersion="1" patch="true">
        <text content-type="content type" encoding="encoding">content</text>
        <url>url</url>
      </swid>
      <modified>true</modified>
      <pedigree>
        <ancestors />
        <descendants />
        <variants />
        <commits>
          <commit>
            <uid>uid</uid>
            <url>url</url>
            <author>
              <timestamp>timestamp</timestamp>
              <name>name</name>
              <email>email</email>
            </author>
            <committer>
              <timestamp>timestamp</timestamp>
              <name>name</name>
              <email>email</email>
            </committer>
            <message>message</message>
          </commit>
        </commits>
        <patches>
          <patch type="patch type">
            <diff>
              <text content-type="content type" encoding="encoding">content</text>
              <url>url</url>
            </diff>
            <resolves>
              <issue type="issue type">
                <id>id</id>
                <name>name</name>
                <description>description</description>
                <source>
                  <name>name</name>
                  <url>url</url>
                </source>
                <references>
                  <url>reference</url>
                </references>
              </issue>
            </resolves>
          </patch>
        </patches>
        <notes>notes</notes>
      </pedigree>
      <externalReferences>
        <reference type="external reference type">
          <url>url</url>
          <comment>comment</comment>
          <hashes>
            <hash alg="algorithm">hash value</hash>
          </hashes>
        </reference>
      </externalReferences>
      <properties>
        <property name="name">value</property>
      </properties>
      <components />
      <evidence>
        <licenses>
          <expression>expression</expression>
        </licenses>
        <copyright>
          <text><![CDATA[copyright]]></text>
        </copyright>
      </evidence>
    </component>
    <manufacture>
      <name>name</name>
      <url>url</url>
      <contact>
        <name>name</name>
        <email>email</email>
        <phone>phone</phone>
      </contact>
    </manufacture>
    <supplier>
      <name>name</name>
      <url>url</url>
      <contact>
        <name>name</name>
        <email>email</email>
        <phone>phone</phone>
      </contact>
    </supplier>
    <licenses>
      <expression>expression</expression>
    </licenses>
    <properties>
      <property name="name">value</property>
    </properties>
  </metadata>
  <components>
    <component type="component type" mime-type="mime type" bom-ref="bom ref">
      <supplier>
        <name>name</name>
        <url>url</url>
        <contact>
          <name>name</name>
          <email>email</email>
          <phone>phone</phone>
        </contact>
      </supplier>
      <author>author</author>
      <publisher>publisher</publisher>
      <group>group</group>
      <name>name</name>
      <version>version</version>
      <description>description</description>
      <scope>scope</scope>
      <hashes>
        <hash alg="algorithm">hash value</hash>
      </hashes>
      <licenses>
        <expression>expression</expression>
      </licenses>
      <copyright>copyright</copyright>
      <cpe>cpe</cpe>
      <purl>purl</purl>
      <swid tagId="tag id" name="name" version="version" tagVersion="1" patch="true">
        <text content-type="content type" encoding="encoding">content</text>
        <url>url</url>
      </swid>
      <modified>true</modified>
      <pedigree>
        <ancestors />
        <descendants />
        <variants />
        <commits>
          <commit>
            <uid>uid</uid>
            <url>url</url>
            <author>
              <timestamp>timestamp</timestamp>
              <name>name</name>
              <email>email</email>
            </author>
            <committer>
              <timestamp>timestamp</timestamp>
              <name>name</name>
              <email>email</email>
            </committer>
            <message>message</message>
          </commit>
        </commits>
        <patches>
          <patch type="patch type">
            <diff>
              <text content-type="content type" encoding="encoding">content</text>
              <url>url</url>
            </diff>
            <resolves>
              <issue type="issue type">
                <id>id</id>
                <name>name</name>
                <description>description</description>
                <source>
                  <name>name</name>
                  <url>url</url>
                </source>
                <references>
                  <url>reference</url>
                </references>
              </issue>
            </resolves>
          </patch>
        </patches>
        <notes>notes</notes>
      </pedigree>
      <externalReferences>
        <reference type="external reference type">
          <url>url</url>
          <comment>comment</comment>
          <hashes>
            <hash alg="algorithm">hash value</hash>
          </hashes>
        </reference>
      </externalReferences>
      <properties>
        <property name="name">value</property>
      </properties>
      <components />
      <evidence>
        <licenses>
          <expression>expression</expression>
        </licenses>
        <copyright>
          <text><![CDATA[copyright]]></text>
        </copyright>
      </evidence>
    </component>
  </components>
  <services>
    <service bom-ref="bom-ref">
      <provider>
        <name>name</name>
        <url>url</url>
        <contact>
          <name>name</name>
          <email>email</email>
          <phone>phone</phone>
        </contact>
      </provider>
      <group>group</group>
      <name>name</name>
      <version>version</version>
      <description>description</description>
      <endpoints>
        <endpoint>endpoint</endpoint>
      </endpoints>
      <authenticated>true</authenticated>
      <x-trust-boundary>true</x-trust-boundary>
      <data>
        <classification flow="flow">classification</classification>
      </data>
      <licenses>
        <expression>expression</expression>
      </licenses>
      <externalReferences>
        <reference type="external reference type">
          <url>url</url>
          <comment>comment</comment>
          <hashes>
            <hash alg="algorithm">hash value</hash>
          </hashes>
        </reference>
      </externalReferences>
      <properties>
        <property name="name">value</property>
      </properties>
      <services />
    </service>
  </services>
  <externalReferences>
    <reference type="external reference type">
      <url>url</url>
      <comment>comment</comment>
      <hashes>
        <hash alg="algorithm">hash value</hash>
      </hashes>
    </reference>
  </externalReferences>
  <dependencies>
    <dependency ref="ref">
      <dependency ref="depends on" />
    </dependency>
  </dependencies>
  <compositions>
    <composition>
      <aggregate>aggregate</aggregate>
      <assemblies>
        <assembly ref="assembly-ref" />
      </assemblies>
      <dependencies>
        <dependency ref="dependency-ref" />
      </dependencies>
    </composition>
  </compositions>
</bom>
