---
source: cyclonedx-bom/src/specs/common/tool.rs
assertion_line: 474
expression: xml_output
---
<?xml version="1.0" encoding="utf-8"?>
<tools>
  <tool>
    <vendor>vendor</vendor>
    <name>name</name>
    <version>version</version>
    <hashes>
      <hash alg="algorithm">hash value</hash>
    </hashes>
    <externalReferences>
      <reference type="external reference type">
        <url>url</url>
        <comment>comment</comment>
        <hashes>
          <hash alg="algorithm">hash value</hash>
        </hashes>
      </reference>
    </externalReferences>
  </tool>
</tools>
