---
source: cyclonedx-bom/src/specs/common/bom.rs
assertion_line: 654
expression: actual
---
{
  "bomFormat": "CycloneDX",
  "specVersion": "1.5",
  "version": 1,
  "serialNumber": "fake-uuid",
  "metadata": {
    "timestamp": "timestamp",
    "tools": [
      {
        "vendor": "vendor",
        "name": "name",
        "version": "version",
        "hashes": [
          {
            "alg": "algorithm",
            "content": "hash value"
          }
        ],
        "externalReferences": [
          {
            "type": "external reference type",
            "url": "url",
            "comment": "comment",
            "hashes": [
              {
                "alg": "algorithm",
                "content": "hash value"
              }
            ]
          }
        ]
      }
    ],
    "authors": [
      {
        "name": "name",
        "email": "email",
        "phone": "phone"
      }
    ],
    "component": {
      "type": "component type",
      "mime-type": "mime type",
      "bom-ref": "bom ref",
      "supplier": {
        "name": "name",
        "url": [
          "url"
        ],
        "contact": [
          {
            "name": "name",
            "email": "email",
            "phone": "phone"
          }
        ]
      },
      "author": "author",
      "publisher": "publisher",
      "group": "group",
      "name": "name",
      "version": "version",
      "description": "description",
      "scope": "scope",
      "hashes": [
        {
          "alg": "algorithm",
          "content": "hash value"
        }
      ],
      "licenses": [
        {
          "expression": "expression"
        }
      ],
      "copyright": "copyright",
      "cpe": "cpe",
      "purl": "purl",
      "swid": {
        "tagId": "tag id",
        "name": "name",
        "version": "version",
        "tagVersion": 1,
        "patch": true,
        "text": {
          "contentType": "content type",
          "encoding": "encoding",
          "content": "content"
        },
        "url": "url"
      },
      "modified": true,
      "pedigree": {
        "ancestors": [],
        "descendants": [],
        "variants": [],
        "commits": [
          {
            "uid": "uid",
            "url": "url",
            "author": {
              "timestamp": "timestamp",
              "name": "name",
              "email": "email"
            },
            "committer": {
              "timestamp": "timestamp",
              "name": "name",
              "email": "email"
            },
            "message": "message"
          }
        ],
        "patches": [
          {
            "type": "patch type",
            "diff": {
              "text": {
                "contentType": "content type",
                "encoding": "encoding",
                "content": "content"
              },
              "url": "url"
            },
            "resolves": [
              {
                "type": "issue type",
                "id": "id",
                "name": "name",
                "description": "description",
                "source": {
                  "name": "name",
                  "url": "url"
                },
                "references": [
                  "reference"
                ]
              }
            ]
          }
        ],
        "notes": "notes"
      },
      "externalReferences": [
        {
          "type": "external reference type",
          "url": "url",
          "comment": "comment",
          "hashes": [
            {
              "alg": "algorithm",
              "content": "hash value"
            }
          ]
        }
      ],
      "properties": [
        {
          "name": "name",
          "value": "value"
        }
      ],
      "components": [],
      "evidence": {
        "licenses": [
          {
            "expression": "expression"
          }
        ],
        "copyright": [
          {
            "text": "copyright"
          }
        ],
        "occurrences": [
          {
            "bomRef": "occurrence-1",
            "location": "location-1"
          }
        ],
        "callstack": {
          "frames": [
            {
              "package": "package-1",
              "module": "module-1",
              "function": "function",
              "line": 10,
              "column": 20,
              "fullFilename": "full-filename"
            }
          ]
        },
        "identity": {
          "field": "group",
          "confidence": 0.5,
          "methods": [
            {
              "technique": "technique-1",
              "confidence": 0.8,
              "value": "identity-value"
            }
          ],
          "tools": [
            "tool-ref-1"
          ]
        }
      },
      "signature": {
        "algorithm": "HS512",
        "value": "1234567890"
      },
      "modelCard": {
        "bomRef": "modelcard-1",
        "modelParameters": {
          "approach": {
            "type": "supervised"
          },
          "task": "Task",
          "architectureFamily": "Architecture",
          "modelArchitecture": "Model",
          "datasets": [
            {
              "bomRef": "dataset-1",
              "type": "dataset",
              "name": "Training Data",
              "contents": {
                "url": "https://example.com/path/to/dataset"
              },
              "classification": "public",
              "governance": {
                "owners": [
                  {
                    "Contact": {
                      "bomRef": "contact-1",
                      "name": "Contact",
                      "email": "contact@example.com"
                    }
                  }
                ]
              }
            }
          ],
          "inputs": [
            {
              "format": "string"
            }
          ],
          "outputs": [
            {
              "format": "image"
            }
          ]
        },
        "quantitativeAnalysis": {
          "performanceMetrics": [
            {
              "type": "metric-1",
              "value": "metric value",
              "confidence_interval": {
                "lowerBound": "low",
                "upperBound": "high"
              }
            }
          ],
          "graphics": {
            "description": "Graphic Desc",
            "collection": [
              {
                "name": "Graphic A",
                "image": {
                  "content": "1234"
                }
              }
            ]
          }
        }
      },
      "data": {
        "type": "configuration",
        "name": "config",
        "contents": {
          "attachment": {
            "content": "foo: bar"
          }
        }
      }
    },
    "manufacture": {
      "name": "name",
      "url": [
        "url"
      ],
      "contact": [
        {
          "name": "name",
          "email": "email",
          "phone": "phone"
        }
      ]
    },
    "supplier": {
      "name": "name",
      "url": [
        "url"
      ],
      "contact": [
        {
          "name": "name",
          "email": "email",
          "phone": "phone"
        }
      ]
    },
    "licenses": [
      {
        "expression": "expression"
      }
    ],
    "properties": [
      {
        "name": "name",
        "value": "value"
      }
    ],
    "lifecycles": [
      {
        "phase": "design"
      }
    ]
  },
  "components": [
    {
      "type": "component type",
      "mime-type": "mime type",
      "bom-ref": "bom ref",
      "supplier": {
        "name": "name",
        "url": [
          "url"
        ],
        "contact": [
          {
            "name": "name",
            "email": "email",
            "phone": "phone"
          }
        ]
      },
      "author": "author",
      "publisher": "publisher",
      "group": "group",
      "name": "name",
      "version": "version",
      "description": "description",
      "scope": "scope",
      "hashes": [
        {
          "alg": "algorithm",
          "content": "hash value"
        }
      ],
      "licenses": [
        {
          "expression": "expression"
        }
      ],
      "copyright": "copyright",
      "cpe": "cpe",
      "purl": "purl",
      "swid": {
        "tagId": "tag id",
        "name": "name",
        "version": "version",
        "tagVersion": 1,
        "patch": true,
        "text": {
          "contentType": "content type",
          "encoding": "encoding",
          "content": "content"
        },
        "url": "url"
      },
      "modified": true,
      "pedigree": {
        "ancestors": [],
        "descendants": [],
        "variants": [],
        "commits": [
          {
            "uid": "uid",
            "url": "url",
            "author": {
              "timestamp": "timestamp",
              "name": "name",
              "email": "email"
            },
            "committer": {
              "timestamp": "timestamp",
              "name": "name",
              "email": "email"
            },
            "message": "message"
          }
        ],
        "patches": [
          {
            "type": "patch type",
            "diff": {
              "text": {
                "contentType": "content type",
                "encoding": "encoding",
                "content": "content"
              },
              "url": "url"
            },
            "resolves": [
              {
                "type": "issue type",
                "id": "id",
                "name": "name",
                "description": "description",
                "source": {
                  "name": "name",
                  "url": "url"
                },
                "references": [
                  "reference"
                ]
              }
            ]
          }
        ],
        "notes": "notes"
      },
      "externalReferences": [
        {
          "type": "external reference type",
          "url": "url",
          "comment": "comment",
          "hashes": [
            {
              "alg": "algorithm",
              "content": "hash value"
            }
          ]
        }
      ],
      "properties": [
        {
          "name": "name",
          "value": "value"
        }
      ],
      "components": [],
      "evidence": {
        "licenses": [
          {
            "expression": "expression"
          }
        ],
        "copyright": [
          {
            "text": "copyright"
          }
        ],
        "occurrences": [
          {
            "bomRef": "occurrence-1",
            "location": "location-1"
          }
        ],
        "callstack": {
          "frames": [
            {
              "package": "package-1",
              "module": "module-1",
              "function": "function",
              "line": 10,
              "column": 20,
              "fullFilename": "full-filename"
            }
          ]
        },
        "identity": {
          "field": "group",
          "confidence": 0.5,
          "methods": [
            {
              "technique": "technique-1",
              "confidence": 0.8,
              "value": "identity-value"
            }
          ],
          "tools": [
            "tool-ref-1"
          ]
        }
      },
      "signature": {
        "algorithm": "HS512",
        "value": "1234567890"
      },
      "modelCard": {
        "bomRef": "modelcard-1",
        "modelParameters": {
          "approach": {
            "type": "supervised"
          },
          "task": "Task",
          "architectureFamily": "Architecture",
          "modelArchitecture": "Model",
          "datasets": [
            {
              "bomRef": "dataset-1",
              "type": "dataset",
              "name": "Training Data",
              "contents": {
                "url": "https://example.com/path/to/dataset"
              },
              "classification": "public",
              "governance": {
                "owners": [
                  {
                    "Contact": {
                      "bomRef": "contact-1",
                      "name": "Contact",
                      "email": "contact@example.com"
                    }
                  }
                ]
              }
            }
          ],
          "inputs": [
            {
              "format": "string"
            }
          ],
          "outputs": [
            {
              "format": "image"
            }
          ]
        },
        "quantitativeAnalysis": {
          "performanceMetrics": [
            {
              "type": "metric-1",
              "value": "metric value",
              "confidence_interval": {
                "lowerBound": "low",
                "upperBound": "high"
              }
            }
          ],
          "graphics": {
            "description": "Graphic Desc",
            "collection": [
              {
                "name": "Graphic A",
                "image": {
                  "content": "1234"
                }
              }
            ]
          }
        }
      },
      "data": {
        "type": "configuration",
        "name": "config",
        "contents": {
          "attachment": {
            "content": "foo: bar"
          }
        }
      }
    }
  ],
  "services": [
    {
      "bom-ref": "bom-ref",
      "provider": {
        "name": "name",
        "url": [
          "url"
        ],
        "contact": [
          {
            "name": "name",
            "email": "email",
            "phone": "phone"
          }
        ]
      },
      "group": "group",
      "name": "name",
      "version": "version",
      "description": "description",
      "endpoints": [
        "endpoint"
      ],
      "authenticated": true,
      "x-trust-boundary": true,
      "data": [
        {
          "name": "Consumer to Stock Service",
          "description": "Traffic to/from consumer to service",
          "flow": "flow",
          "classification": "classification",
          "governance": {
            "owners": [
              {
                "Organization": {
                  "name": "Organization 1"
                }
              }
            ]
          },
          "source": [
            "https://0.0.0.0"
          ],
          "destination": [
            "https://0.0.0.0"
          ]
        }
      ],
      "licenses": [
        {
          "expression": "expression"
        }
      ],
      "externalReferences": [
        {
          "type": "external reference type",
          "url": "url",
          "comment": "comment",
          "hashes": [
            {
              "alg": "algorithm",
              "content": "hash value"
            }
          ]
        }
      ],
      "properties": [
        {
          "name": "name",
          "value": "value"
        }
      ],
      "services": [],
      "signature": {
        "algorithm": "HS512",
        "value": "1234567890"
      },
      "trustZone": "trust zone"
    }
  ],
  "externalReferences": [
    {
      "type": "external reference type",
      "url": "url",
      "comment": "comment",
      "hashes": [
        {
          "alg": "algorithm",
          "content": "hash value"
        }
      ]
    }
  ],
  "dependencies": [
    {
      "ref": "ref",
      "dependsOn": [
        "depends on"
      ]
    }
  ],
  "compositions": [
    {
      "bomRef": "composition-ref",
      "aggregate": "aggregate",
      "assemblies": [
        "assembly-ref"
      ],
      "dependencies": [
        "dependency-ref"
      ],
      "vulnerabilities": [
        "vulnerability-ref"
      ],
      "signature": {
        "algorithm": "HS512",
        "value": "1234567890"
      }
    }
  ],
  "vulnerabilities": [
    {
      "bom-ref": "bom-ref",
      "id": "id",
      "source": {
        "name": "name",
        "url": "url"
      },
      "references": [
        {
          "id": "id",
          "source": {
            "name": "name",
            "url": "url"
          }
        }
      ],
      "ratings": [
        {
          "source": {
            "name": "name",
            "url": "url"
          },
          "score": 9.8,
          "severity": "info",
          "method": "CVSSv3",
          "vector": "vector",
          "justification": "justification"
        }
      ],
      "cwes": [
        1,
        2,
        3
      ],
      "description": "description",
      "detail": "detail",
      "recommendation": "recommendation",
      "workaround": "workaround",
      "proofOfConcept": {
        "reproductionSteps": "reproduction steps",
        "environment": "production",
        "supportingMaterial": [
          {
            "content": "abcdefgh",
            "contentType": "image/jpeg",
            "encoding": "base64"
          }
        ]
      },
      "advisories": [
        {
          "title": "title",
          "url": "url"
        }
      ],
      "created": "created",
      "published": "published",
      "updated": "updated",
      "rejected": "rejected",
      "credits": {
        "organizations": [
          {
            "name": "name",
            "url": [
              "url"
            ],
            "contact": [
              {
                "name": "name",
                "email": "email",
                "phone": "phone"
              }
            ]
          }
        ],
        "individuals": [
          {
            "name": "name",
            "email": "email",
            "phone": "phone"
          }
        ]
      },
      "tools": [
        {
          "vendor": "vendor",
          "name": "name",
          "version": "version",
          "hashes": [
            {
              "alg": "algorithm",
              "content": "hash value"
            }
          ],
          "externalReferences": [
            {
              "type": "external reference type",
              "url": "url",
              "comment": "comment",
              "hashes": [
                {
                  "alg": "algorithm",
                  "content": "hash value"
                }
              ]
            }
          ]
        }
      ],
      "analysis": {
        "state": "not_affected",
        "justification": "code_not_reachable",
        "responses": [
          "update"
        ],
        "detail": "detail",
        "firstIssued": "2024-01-02",
        "lastUpdated": "2024-01-10"
      },
      "affects": [
        {
          "ref": "ref",
          "versions": [
            {
              "version": "5.0.0",
              "status": "unaffected"
            },
            {
              "range": "vers:npm/1.2.3|>=2.0.0|<5.0.0",
              "status": "affected"
            }
          ]
        }
      ],
      "properties": [
        {
          "name": "name",
          "value": "value"
        }
      ]
    }
  ],
  "signature": {
    "algorithm": "HS512",
    "value": "1234567890"
  },
  "annotations": [
    {
      "bomRef": "annotation-1",
      "subjects": [
        "subject1"
      ],
      "annotator": {
        "organization": {
          "name": "name",
          "url": [
            "url"
          ],
          "contact": [
            {
              "name": "name",
              "email": "email",
              "phone": "phone"
            }
          ]
        }
      },
      "timestamp": "timestamp",
      "text": "Annotation text",
      "signature": {
        "algorithm": "HS512",
        "value": "1234567890"
      }
    }
  ],
  "properties": [
    {
      "name": "name",
      "value": "value"
    }
  ],
  "formulation": [
    {
      "bom-ref": "formula-1",
      "components": [
        {
          "type": "platform",
          "bom-ref": "component-1",
          "name": "Pipeline controller image",
          "version": "v0.47.0"
        }
      ]
    }
  ]
}
