---
source: cyclonedx-bom/src/specs/v1_5/evidence.rs
assertion_line: 1124
expression: xml_output
---
<?xml version="1.0" encoding="utf-8"?>
<identity>
  <field>group</field>
  <confidence>0.5</confidence>
  <methods>
    <method>
      <technique>technique-1</technique>
      <confidence>0.8</confidence>
      <value>identity-value</value>
    </method>
  </methods>
  <tools>
    <tool ref="tool-ref-1" />
  </tools>
</identity>
