---
source: cyclonedx-bom/src/specs/v1_5/service_data.rs
assertion_line: 217
expression: write_element_to_string(actual)
---
<?xml version="1.0" encoding="utf-8"?>
<dataflow name="Consumer to Price" name="Consumer to Price description">
  <classification flow="data flow">bi-directional</classification>
  <governance>
    <owners>
      <owner>
        <contact bom-ref="owner-1">
          <name>owner</name>
        </contact>
      </owner>
    </owners>
  </governance>
</dataflow>
