---
source: cyclonedx-bom/src/specs/v1_5/licensing.rs
assertion_line: 508
expression: xml_output
---
<?xml version="1.0" encoding="utf-8"?>
<licensing>
  <altIds>
    <altId>alt-id</altId>
  </altIds>
  <licensor>
    <individual bom-ref="licensor-1">
      <name>licensor name</name>
    </individual>
  </licensor>
  <licensee>
    <organization bom-ref="licensee-1">
      <name>licensee name</name>
    </organization>
  </licensee>
  <purchaser>
    <organization bom-ref="purchaser-1">
      <name>purchaser name</name>
    </organization>
  </purchaser>
  <purchaseOrder>Subscription</purchaseOrder>
  <licenseTypes>
    <licenseType>User</licenseType>
  </licenseTypes>
  <lastRenewal>2024-01-10T10:10:12</lastRenewal>
  <expiration>2024-05-10T10:10:12</expiration>
</licensing>
