---
source: cyclonedx-bom/src/specs/v1_5/evidence.rs
assertion_line: 690
expression: xml_output
---
<?xml version="1.0" encoding="utf-8"?>
<identity>
  <field>field</field>
  <confidence>0.5</confidence>
  <methods>
    <methods>
      <technique>technique-1</technique>
      <confidence>0.8</confidence>
      <value>identity-value</value>
    </methods>
  </methods>
  <tools>
    <tool ref="identity-tool-ref" />
  </tools>
</identity>
