---
source: cyclonedx-bom/tests/specification_tests_v1_5.rs
assertion_line: 29
expression: bom_output
input_file: cyclonedx-bom/tests/spec/1.5/valid-license-licensing-1.5.xml
---
<?xml version="1.0" encoding="utf-8"?>
<bom xmlns="http://cyclonedx.org/schema/bom/1.5" serialNumber="urn:uuid:3e671687-395b-41f5-a30f-a58921a69b79" version="1">
  <components>
    <component type="library">
      <publisher>Acme Inc</publisher>
      <group>com.acme</group>
      <name>cryptographic-provider</name>
      <version>2.2.0</version>
      <licenses>
        <license bom-ref="acme-license-1">
          <name>Acme Commercial License</name>
        </license>
      </licenses>
    </component>
  </components>
</bom>
