---
source: cyclonedx-bom/tests/specification_tests_v1_4.rs
expression: bom_output
input_file: cyclonedx-bom/tests/data/1.4/valid-metadata-timestamp-1.4.xml
---
<?xml version="1.0" encoding="utf-8"?>
<bom xmlns="http://cyclonedx.org/schema/bom/1.4" serialNumber="urn:uuid:3e671687-395b-41f5-a30f-a58921a69b79" version="1">
  <metadata>
    <timestamp>2020-04-07T07:01:00Z</timestamp>
  </metadata>
  <components />
</bom>
